{
    "frontmost_application": {
        "bundle_identifier": "com.apple.Terminal",
        "file_path": "/Applications/Utilities/Terminal.app/Contents/MacOS/Terminal"
    },
    "input_source_identifiers": {
        "input_source_id": "com.apple.keylayout.US",
        "language": "en"
    },
    "keyboard_type": "iso",
    "variables": {
        "value1": 100,
        "value2": 200
    }
}
